{"4":{"1":[{"message":"Define is not allowed","source":"NeutronStandard.Constants.DisallowDefine.Define","listener":"NeutronStandard\\Sniffs\\Constants\\DisallowDefineSniff","severity":5,"fixable":false}]},"8":{"5":[{"message":"Define is not allowed","source":"NeutronStandard.Constants.DisallowDefine.Define","listener":"NeutronStandard\\Sniffs\\Constants\\DisallowDefineSniff","severity":5,"fixable":false}]}}